// Jest Snapshot v1, https://goo.gl/fbAQLP

exports[`renders correctly 1`] = `
Array [
  <h1
    className="titles"
  >
    Categories
  </h1>,
  <div
    className="flex categories-container"
  >
    <h2>
      Loading...
    </h2>
  </div>,
]
`;
